// Jest Snapshot v1, https://goo.gl/fbAQLP

exports[`ReviewList should render a review component for each review provided 1`] = `
<div
  className="review-list"
>
  <h2>
    All reviews (
    1
    ):
  </h2>
  <div
    review={
      Object {
        "comment": "fake comment",
        "email": "fake email",
        "name": "fake name",
        "rating": 5,
      }
    }
  >
    Review
  </div>
</div>
`;
