// Jest Snapshot v1, https://goo.gl/fbAQLP

exports[`ReviewFormFields should render the fields for the review form 1`] = `
<form
  className="review-form"
  onSubmit={[MockFunction]}
>
  <label
    htmlFor="review-form-name"
  >
    Name
  </label>
  <input
    id="review-form-name"
    name="name"
    onChange={[MockFunction]}
    required={true}
    type="text"
    value="fake name"
  />
  <label
    htmlFor="review-form-email"
  >
    Email
  </label>
  <input
    id="review-form-email"
    name="email"
    onChange={[MockFunction]}
    required={true}
    type="text"
    value="fake email"
  />
  <label
    htmlFor="review-form-rating"
  >
    Rating
  </label>
  <input
    id="review-form-rating"
    max={5}
    min={1}
    name="rating"
    onChange={[MockFunction]}
    required={true}
    type="number"
    value={5}
  />
  <label
    htmlFor="review-form-comment"
  >
    Comment
  </label>
  <input
    id="review-form-comment"
    name="comment"
    onChange={[MockFunction]}
    required={true}
    value="fake comment"
  />
  <input
    className="button"
    type="submit"
    value="Submit"
  />
</form>
`;
